
Owner@LAPTOP-N5GF5NLQ MINGW64 ~
$ git pull
fatal: not a git repository (or any of the parent directories): .git

Owner@LAPTOP-N5GF5NLQ MINGW64 ~
$ ls
 17-2-Student_Resources/
 Amazon_Vine_Analysis/
 anaconda3/
 ansel/
 AppData/
'Application Data'@
 bacon_counter.py
 Belly_Button/
 bikesharing/
 Contacts/
 Cookies@
 Credit_Risk_Analysis-main/
 Cryptocurrencies-main/
 Desktop/
 Documents/
 Downloads/
 Favorites/
 IntelGraphicsProfiles/
 linear_regression_salary/
 Links/
'Local Settings'@
 MechaCar_Statistical_Analysis/
 Mission_to_Mars/
 Music/
'My Documents'@
 NetHood@
 NTUSER.DAT
 ntuser.dat.LOG1
 ntuser.dat.LOG2
 NTUSER.DAT{1c2b59c6-c5f5-11eb-bacb-000d3a96488e}.TM.blf
 NTUSER.DAT{1c2b59c6-c5f5-11eb-bacb-000d3a96488e}.TMContainer00000000000000000001.regtrans-ms
 NTUSER.DAT{1c2b59c6-c5f5-11eb-bacb-000d3a96488e}.TMContainer00000000000000000002.regtrans-ms
 ntuser.ini
 Nueral_Network_Charity_Analysis-main/
 OneDrive/
 Pictures/
 PrintHood@
 R-4.2.0/
 Recent@
'Saved Games'/
 School_District_Analysis/
 Searches/
 SendTo@
'Start Menu'@
 surfs_up/
 Templates@
 UFO_Sightings/
 Untitled.ipynb
 Videos/

Owner@LAPTOP-N5GF5NLQ MINGW64 ~
$ cd desktop

Owner@LAPTOP-N5GF5NLQ MINGW64 ~/desktop (master)
$ git pull
There is no tracking information for the current branch.
Please specify which branch you want to merge with.
See git-pull(1) for details.

    git pull <remote> <branch>

If you wish to set tracking information for this branch you can do so with:

    git branch --set-upstream-to=<remote>/<branch> master


Owner@LAPTOP-N5GF5NLQ MINGW64 ~/desktop (master)
$ git pull origin main
fatal: 'origin' does not appear to be a git repository
fatal: Could not read from remote repository.

Please make sure you have the correct access rights
and the repository exists.

Owner@LAPTOP-N5GF5NLQ MINGW64 ~/desktop (master)
$ cd owner
bash: cd: owner: No such file or directory

Owner@LAPTOP-N5GF5NLQ MINGW64 ~/desktop (master)
$ cd c:\
> users

Owner@LAPTOP-N5GF5NLQ MINGW64 /c/users
$ cd owner

Owner@LAPTOP-N5GF5NLQ MINGW64 /c/users/owner
$ git pull
fatal: not a git repository (or any of the parent directories): .git

Owner@LAPTOP-N5GF5NLQ MINGW64 /c/users/owner
$ git pull origin main
fatal: not a git repository (or any of the parent directories): .git

Owner@LAPTOP-N5GF5NLQ MINGW64 /c/users/owner
$ ls
 17-2-Student_Resources/
 Amazon_Vine_Analysis/
 anaconda3/
 ansel/
 AppData/
'Application Data'@
 bacon_counter.py
 Belly_Button/
 bikesharing/
 Contacts/
 Cookies@
 Credit_Risk_Analysis-main/
 Cryptocurrencies-main/
 Desktop/
 Documents/
 Downloads/
 Favorites/
 IntelGraphicsProfiles/
 linear_regression_salary/
 Links/
'Local Settings'@
 MechaCar_Statistical_Analysis/
 Mission_to_Mars/
 Music/
'My Documents'@
 NetHood@
 NTUSER.DAT
 ntuser.dat.LOG1
 ntuser.dat.LOG2
 NTUSER.DAT{1c2b59c6-c5f5-11eb-bacb-000d3a96488e}.TM.blf
 NTUSER.DAT{1c2b59c6-c5f5-11eb-bacb-000d3a96488e}.TMContainer00000000000000000001.regtrans-ms
 NTUSER.DAT{1c2b59c6-c5f5-11eb-bacb-000d3a96488e}.TMContainer00000000000000000002.regtrans-ms
 ntuser.ini
 Nueral_Network_Charity_Analysis-main/
 OneDrive/
 Pictures/
 PrintHood@
 R-4.2.0/
 Recent@
'Saved Games'/
 School_District_Analysis/
 Searches/
 SendTo@
'Start Menu'@
 surfs_up/
 Templates@
 UFO_Sightings/
 Untitled.ipynb
 Videos/

Owner@LAPTOP-N5GF5NLQ MINGW64 /c/users/owner
$ ls
 17-2-Student_Resources/
 Amazon_Vine_Analysis/
 anaconda3/
 ansel/
 AppData/
'Application Data'@
 bacon_counter.py
 Belly_Button/
 bikesharing/
 Contacts/
 Cookies@
 Credit_Risk_Analysis-main/
 Cryptocurrencies-main/
 Desktop/
 Documents/
 Downloads/
 Favorites/
 IntelGraphicsProfiles/
 linear_regression_salary/
 Links/
'Local Settings'@
 MechaCar_Statistical_Analysis/
 Mission_to_Mars/
 Music/
'My Documents'@
 NetHood@
 NTUSER.DAT
 ntuser.dat.LOG1
 ntuser.dat.LOG2
 NTUSER.DAT{1c2b59c6-c5f5-11eb-bacb-000d3a96488e}.TM.blf
 NTUSER.DAT{1c2b59c6-c5f5-11eb-bacb-000d3a96488e}.TMContainer00000000000000000001.regtrans-ms
 NTUSER.DAT{1c2b59c6-c5f5-11eb-bacb-000d3a96488e}.TMContainer00000000000000000002.regtrans-ms
 ntuser.ini
 Nueral_Network_Charity_Analysis-main/
 OneDrive/
 Pictures/
 PrintHood@
 R-4.2.0/
 Recent@
'Saved Games'/
 School_District_Analysis/
 Searches/
 SendTo@
'Start Menu'@
 surfs_up/
 Templates@
 UFO_Sightings/
 Untitled.ipynb
 Videos/

Owner@LAPTOP-N5GF5NLQ MINGW64 /c/users/owner
$ cd desktop

Owner@LAPTOP-N5GF5NLQ MINGW64 /c/users/owner/desktop (master)
$ cd class

Owner@LAPTOP-N5GF5NLQ MINGW64 /c/users/owner/desktop/class (master)
$ git checkout Ylia_rosario
error: pathspec 'Ylia_rosario' did not match any file(s) known to git

Owner@LAPTOP-N5GF5NLQ MINGW64 /c/users/owner/desktop/class (master)
$ git clone https://github.com/HansFeddersen/Final_project.git
Cloning into 'Final_project'...
remote: Enumerating objects: 81, done.
remote: Counting objects: 100% (81/81), done.
remote: Compressing objects: 100% (66/66), done.
remote: Total 81 (delta 18), reused 15 (delta 2), pack-reused 0
Receiving objects:  69% (56/81)
Receiving objects: 100% (81/81), 2.82 MiB | 7.92 MiB/s, done.
Resolving deltas: 100% (18/18), done.

Owner@LAPTOP-N5GF5NLQ MINGW64 /c/users/owner/desktop/class (master)
$ git checkout Ylia_Rosario
error: pathspec 'Ylia_Rosario' did not match any file(s) known to git

Owner@LAPTOP-N5GF5NLQ MINGW64 /c/users/owner/desktop/class (master)
$ git status
On branch master

No commits yet

Untracked files:
  (use "git add <file>..." to include in what will be committed)
        1/
        16-Big-Data/
        Election_Analysis/
        Election_Analysis2/
        Final_project/
        Kickstarter-Analysis/
        MapboxDetails.txt
        Mapping_Earthquakes/
        Movies-ETL/
        PostgreDetails.txt
        R_Analysis/
        School_District_Analysis/
        Stock_Analysis/
        WeatherApiDetails.txt
        World_Weather_Analysis/
        bacon_counter.py
        bikesharing/
        git bash branching and merging.png

nothing added to commit but untracked files present (use "git add" to track)

Owner@LAPTOP-N5GF5NLQ MINGW64 /c/users/owner/desktop/class (master)
$ git add Final_project
warning: adding embedded git repository: Final_project
hint: You've added another git repository inside your current repository.
hint: Clones of the outer repository will not contain the contents of
hint: the embedded repository and will not know how to obtain it.
hint: If you meant to add a submodule, use:
hint:
hint:   git submodule add <url> Final_project
hint:
hint: If you added this path by mistake, you can remove it from the
hint: index with:
hint:
hint:   git rm --cached Final_project
hint:
hint: See "git help submodule" for more information.

Owner@LAPTOP-N5GF5NLQ MINGW64 /c/users/owner/desktop/class (master)
$ git rm --cached Final_project
error: the following file has staged content different from both the
file and the HEAD:
    Final_project
(use -f to force removal)

Owner@LAPTOP-N5GF5NLQ MINGW64 /c/users/owner/desktop/class (master)
$ git status
On branch master

No commits yet

Changes to be committed:
  (use "git rm --cached <file>..." to unstage)
        new file:   Final_project

Untracked files:
  (use "git add <file>..." to include in what will be committed)
        1/
        16-Big-Data/
        Election_Analysis/
        Election_Analysis2/
        Kickstarter-Analysis/
        MapboxDetails.txt
        Mapping_Earthquakes/
        Movies-ETL/
        PostgreDetails.txt
        R_Analysis/
        School_District_Analysis/
        Stock_Analysis/
        WeatherApiDetails.txt
        World_Weather_Analysis/
        bacon_counter.py
        bikesharing/
        git bash branching and merging.png


Owner@LAPTOP-N5GF5NLQ MINGW64 /c/users/owner/desktop/class (master)
$ git pull
There is no tracking information for the current branch.
Please specify which branch you want to merge with.
See git-pull(1) for details.

    git pull <remote> <branch>

If you wish to set tracking information for this branch you can do so with:

    git branch --set-upstream-to=<remote>/<branch> master


Owner@LAPTOP-N5GF5NLQ MINGW64 /c/users/owner/desktop/class (master)
$ cd Final_Project

Owner@LAPTOP-N5GF5NLQ MINGW64 /c/users/owner/desktop/class/Final_Project (main)
$ git status
On branch main
Your branch is up to date with 'origin/main'.

nothing to commit, working tree clean

Owner@LAPTOP-N5GF5NLQ MINGW64 /c/users/owner/desktop/class/Final_Project (main)
$ git pull
Already up to date.

Owner@LAPTOP-N5GF5NLQ MINGW64 /c/users/owner/desktop/class/Final_Project (main)
$ git checkout -b YRosario
Switched to a new branch 'YRosario'

Owner@LAPTOP-N5GF5NLQ MINGW64 /c/users/owner/desktop/class/Final_Project (YRosario)
$ git branch
* YRosario
  main

Owner@LAPTOP-N5GF5NLQ MINGW64 /c/users/owner/desktop/class/Final_Project (YRosario)
$ git status
On branch YRosario
nothing to commit, working tree clean

Owner@LAPTOP-N5GF5NLQ MINGW64 /c/users/owner/desktop/class/Final_Project (YRosario)
$ git status
On branch YRosario
Changes not staged for commit:
  (use "git add <file>..." to update what will be committed)
  (use "git restore <file>..." to discard changes in working directory)
        modified:   README.md

no changes added to commit (use "git add" and/or "git commit -a")

Owner@LAPTOP-N5GF5NLQ MINGW64 /c/users/owner/desktop/class/Final_Project (YRosario)
$ git add readme.md

Owner@LAPTOP-N5GF5NLQ MINGW64 /c/users/owner/desktop/class/Final_Project (YRosario)
$ git status
On branch YRosario
Changes not staged for commit:
  (use "git add <file>..." to update what will be committed)
  (use "git restore <file>..." to discard changes in working directory)
        modified:   README.md

no changes added to commit (use "git add" and/or "git commit -a")

Owner@LAPTOP-N5GF5NLQ MINGW64 /c/users/owner/desktop/class/Final_Project (YRosario)
$ git commit -m edited readme
error: pathspec 'readme' did not match any file(s) known to git

Owner@LAPTOP-N5GF5NLQ MINGW64 /c/users/owner/desktop/class/Final_Project (YRosario)
$ git commit -m "edited readme"
On branch YRosario
Changes not staged for commit:
  (use "git add <file>..." to update what will be committed)
  (use "git restore <file>..." to discard changes in working directory)
        modified:   README.md

no changes added to commit (use "git add" and/or "git commit -a")

Owner@LAPTOP-N5GF5NLQ MINGW64 /c/users/owner/desktop/class/Final_Project (YRosario)
$ git checkout final_project
error: pathspec 'final_project' did not match any file(s) known to git

Owner@LAPTOP-N5GF5NLQ MINGW64 /c/users/owner/desktop/class/Final_Project (YRosario)
$ git checkout YRosario
Already on 'YRosario'
M       README.md

Owner@LAPTOP-N5GF5NLQ MINGW64 /c/users/owner/desktop/class/Final_Project (YRosario)
$ git fetch origin
remote: Enumerating objects: 9, done.
remote: Counting objects: 100% (7/7), done.
remote: Compressing objects: 100% (6/6), done.
remote: Total 9 (delta 3), reused 1 (delta 1), pack-reused 2
Unpacking objects: 100% (9/9), 3.00 KiB | 123.00 KiB/s, done.
From https://github.com/HansFeddersen/Final_project
 * [new branch]      YRosario   -> origin/YRosario
   00f70f9..c45dd77  main       -> origin/main

Owner@LAPTOP-N5GF5NLQ MINGW64 /c/users/owner/desktop/class/Final_Project (YRosario)
$ git status
On branch YRosario
Changes not staged for commit:
  (use "git add <file>..." to update what will be committed)
  (use "git restore <file>..." to discard changes in working directory)
        modified:   README.md

no changes added to commit (use "git add" and/or "git commit -a")

Owner@LAPTOP-N5GF5NLQ MINGW64 /c/users/owner/desktop/class/Final_Project (YRosario)
$ git merge origin/master
merge: origin/master - not something we can merge

Owner@LAPTOP-N5GF5NLQ MINGW64 /c/users/owner/desktop/class/Final_Project (YRosario)
$ git checkout YRosario
Already on 'YRosario'
M       README.md

Owner@LAPTOP-N5GF5NLQ MINGW64 /c/users/owner/desktop/class/Final_Project (YRosario)
$ git pull main
fatal: 'main' does not appear to be a git repository
fatal: Could not read from remote repository.

Please make sure you have the correct access rights
and the repository exists.

Owner@LAPTOP-N5GF5NLQ MINGW64 /c/users/owner/desktop/class/Final_Project (YRosario)
$ git pull --main
error: unknown option `main'
usage: git pull [<options>] [<repository> [<refspec>...]]

    -v, --verbose         be more verbose
    -q, --quiet           be more quiet
    --progress            force progress reporting
    --recurse-submodules[=<on-demand>]
                          control for recursive fetching of submodules

Options related to merging
    -r, --rebase[=(false|true|merges|interactive)]
                          incorporate changes by rebasing rather than merging
    -n                    do not show a diffstat at the end of the merge
    --stat                show a diffstat at the end of the merge
    --log[=<n>]           add (at most <n>) entries from shortlog to merge commit message
    --signoff[=...]       add a Signed-off-by trailer
    --squash              create a single commit instead of doing a merge
    --commit              perform a commit if the merge succeeds (default)
    --edit                edit message before committing
    --cleanup <mode>      how to strip spaces and #comments from message
    --ff                  allow fast-forward
    --ff-only             abort if fast-forward is not possible
    --verify              control use of pre-merge-commit and commit-msg hooks
    --verify-signatures   verify that the named commit has a valid GPG signature
    --autostash           automatically stash/stash pop before and after
    -s, --strategy <strategy>
                          merge strategy to use
    -X, --strategy-option <option=value>
                          option for selected merge strategy
    -S, --gpg-sign[=<key-id>]
                          GPG sign commit
    --allow-unrelated-histories
                          allow merging unrelated histories

Options related to fetching
    --all                 fetch from all remotes
    -a, --append          append to .git/FETCH_HEAD instead of overwriting
    --upload-pack <path>  path to upload pack on remote end
    -f, --force           force overwrite of local branch
    -t, --tags            fetch all tags and associated objects
    -p, --prune           prune remote-tracking branches no longer on remote
    -j, --jobs[=<n>]      number of submodules pulled in parallel
    --dry-run             dry run
    -k, --keep            keep downloaded pack
    --depth <depth>       deepen history of shallow clone
    --shallow-since <time>
                          deepen history of shallow repository based on time
    --shallow-exclude <revision>
                          deepen history of shallow clone, excluding rev
    --deepen <n>          deepen history of shallow clone
    --unshallow           convert to a complete repository
    --update-shallow      accept refs that update .git/shallow
    --refmap <refmap>     specify fetch refmap
    -o, --server-option <server-specific>
                          option to transmit
    -4, --ipv4            use IPv4 addresses only
    -6, --ipv6            use IPv6 addresses only
    --negotiation-tip <revision>
                          report that we have only objects reachable from this object
    --show-forced-updates
                          check for forced-updates on all updated branches
    --set-upstream        set upstream for git pull/fetch


Owner@LAPTOP-N5GF5NLQ MINGW64 /c/users/owner/desktop/class/Final_Project (YRosario)
$ git checkout YRosairo
error: pathspec 'YRosairo' did not match any file(s) known to git

Owner@LAPTOP-N5GF5NLQ MINGW64 /c/users/owner/desktop/class/Final_Project (YRosario)
$ git checkout YRosario
Already on 'YRosario'
M       README.md

Owner@LAPTOP-N5GF5NLQ MINGW64 /c/users/owner/desktop/class/Final_Project (YRosario)
$ git rebase master
fatal: invalid upstream 'master'

Owner@LAPTOP-N5GF5NLQ MINGW64 /c/users/owner/desktop/class/Final_Project (YRosario)
$ git rebase main
error: cannot rebase: You have unstaged changes.
error: Please commit or stash them.

Owner@LAPTOP-N5GF5NLQ MINGW64 /c/users/owner/desktop/class/Final_Project (YRosario)
$ git push -f origin YRosario
Everything up-to-date

Owner@LAPTOP-N5GF5NLQ MINGW64 /c/users/owner/desktop/class/Final_Project (YRosario)
$ git status
On branch YRosario
Changes not staged for commit:
  (use "git add <file>..." to update what will be committed)
  (use "git restore <file>..." to discard changes in working directory)
        modified:   README.md

no changes added to commit (use "git add" and/or "git commit -a")

Owner@LAPTOP-N5GF5NLQ MINGW64 /c/users/owner/desktop/class/Final_Project (YRosario)
$ git push origin master
error: src refspec master does not match any
error: failed to push some refs to 'https://github.com/HansFeddersen/Final_project.git'

Owner@LAPTOP-N5GF5NLQ MINGW64 /c/users/owner/desktop/class/Final_Project (YRosario)
$ git add .

Owner@LAPTOP-N5GF5NLQ MINGW64 /c/users/owner/desktop/class/Final_Project (YRosario)
$ git commit -m "add Readme edit"
[YRosario 492dc78] add Readme edit
 1 file changed, 3 insertions(+), 1 deletion(-)

Owner@LAPTOP-N5GF5NLQ MINGW64 /c/users/owner/desktop/class/Final_Project (YRosario)
$ git push
fatal: The current branch YRosario has no upstream branch.
To push the current branch and set the remote as upstream, use

    git push --set-upstream origin YRosario


Owner@LAPTOP-N5GF5NLQ MINGW64 /c/users/owner/desktop/class/Final_Project (YRosario)
$ git pull
From https://github.com/HansFeddersen/Final_project
   03c9348..c45dd77  claire-rehbock -> origin/claire-rehbock
There is no tracking information for the current branch.
Please specify which branch you want to merge with.
See git-pull(1) for details.

    git pull <remote> <branch>

If you wish to set tracking information for this branch you can do so with:

    git branch --set-upstream-to=origin/<branch> YRosario


Owner@LAPTOP-N5GF5NLQ MINGW64 /c/users/owner/desktop/class/Final_Project (YRosario)
$ pwd
/c/users/owner/desktop/class/Final_Project

Owner@LAPTOP-N5GF5NLQ MINGW64 /c/users/owner/desktop/class/Final_Project (YRosario)
$ ls
Initial_notebook.ipynb  Resources/

Owner@LAPTOP-N5GF5NLQ MINGW64 /c/users/owner/desktop/class/Final_Project (YRosario)
$ git pull
There is no tracking information for the current branch.
Please specify which branch you want to merge with.
See git-pull(1) for details.

    git pull <remote> <branch>

If you wish to set tracking information for this branch you can do so with:

    git branch --set-upstream-to=origin/<branch> YRosario


Owner@LAPTOP-N5GF5NLQ MINGW64 /c/users/owner/desktop/class/Final_Project (YRosario)
$ git pull master
fatal: 'master' does not appear to be a git repository
fatal: Could not read from remote repository.

Please make sure you have the correct access rights
and the repository exists.

Owner@LAPTOP-N5GF5NLQ MINGW64 /c/users/owner/desktop/class/Final_Project (YRosario)
$ git pull Yrosario
fatal: 'Yrosario' does not appear to be a git repository
fatal: Could not read from remote repository.

Please make sure you have the correct access rights
and the repository exists.

Owner@LAPTOP-N5GF5NLQ MINGW64 /c/users/owner/desktop/class/Final_Project (YRosario)
$ git pull YRosario
fatal: 'YRosario' does not appear to be a git repository
fatal: Could not read from remote repository.

Please make sure you have the correct access rights
and the repository exists.

Owner@LAPTOP-N5GF5NLQ MINGW64 /c/users/owner/desktop/class/Final_Project (YRosario)
$ cd ..

Owner@LAPTOP-N5GF5NLQ MINGW64 /c/users/owner/desktop/class (master)
$ ls
 1/                 bikesharing/          Final_project/                        MapboxDetails.txt      PostgreDetails.txt          Stock_Analysis/
 16-Big-Data/       Election_Analysis/   'git bash branching and merging.png'   Mapping_Earthquakes/   R_Analysis/                 WeatherApiDetails.txt
 bacon_counter.py   Election_Analysis2/   Kickstarter-Analysis/                 Movies-ETL/            School_District_Analysis/   World_Weather_Analysis/

Owner@LAPTOP-N5GF5NLQ MINGW64 /c/users/owner/desktop/class (master)
$ git pull
There is no tracking information for the current branch.
Please specify which branch you want to merge with.
See git-pull(1) for details.

    git pull <remote> <branch>

If you wish to set tracking information for this branch you can do so with:

    git branch --set-upstream-to=<remote>/<branch> master


Owner@LAPTOP-N5GF5NLQ MINGW64 /c/users/owner/desktop/class (master)
$ git clone https://github.com/HansFeddersen/Final_project.git
Cloning into 'Final_project'...
remote: Enumerating objects: 84, done.
remote: Counting objects: 100% (14/14), done.
remote: Compressing objects: 100% (12/12), done.
remote: Total 84 (delta 6), reused 2 (delta 2), pack-reused 70
Receiving objects: 100% (84/84), 2.82 MiB | 11.38 MiB/s, done.
Resolving deltas: 100% (20/20), done.

Owner@LAPTOP-N5GF5NLQ MINGW64 /c/users/owner/desktop/class (master)
$ git pull
There is no tracking information for the current branch.
Please specify which branch you want to merge with.
See git-pull(1) for details.

    git pull <remote> <branch>

If you wish to set tracking information for this branch you can do so with:

    git branch --set-upstream-to=<remote>/<branch> master


Owner@LAPTOP-N5GF5NLQ MINGW64 /c/users/owner/desktop/class (master)
$ git clone https://github.com/HansFeddersen/Final_project.git
Cloning into 'Final_project'...
remote: Enumerating objects: 87, done.
remote: Counting objects: 100% (17/17), done.
remote: Compressing objects: 100% (13/13), done.
Receiving objects:  70% (61/87)
Receiving objects: 100% (87/87), 2.82 MiB | 10.91 MiB/s, done.
Resolving deltas: 100% (22/22), done.

Owner@LAPTOP-N5GF5NLQ MINGW64 /c/users/owner/desktop/class (master)
$ git pull origin main
fatal: 'origin' does not appear to be a git repository
fatal: Could not read from remote repository.

Please make sure you have the correct access rights
and the repository exists.

Owner@LAPTOP-N5GF5NLQ MINGW64 /c/users/owner/desktop/class (master)
$ git checkout
fatal: You are on a branch yet to be born

Owner@LAPTOP-N5GF5NLQ MINGW64 /c/users/owner/desktop/class (master)
$ git status
On branch master

No commits yet

Changes to be committed:
  (use "git rm --cached <file>..." to unstage)
        new file:   Final_project

Changes not staged for commit:
  (use "git add <file>..." to update what will be committed)
  (use "git restore <file>..." to discard changes in working directory)
        modified:   Final_project (new commits)

Untracked files:
  (use "git add <file>..." to include in what will be committed)
        1/
        16-Big-Data/
        Election_Analysis/
        Election_Analysis2/
        Kickstarter-Analysis/
        MapboxDetails.txt
        Mapping_Earthquakes/
        Movies-ETL/
        PostgreDetails.txt
        R_Analysis/
        School_District_Analysis/
        Stock_Analysis/
        WeatherApiDetails.txt
        World_Weather_Analysis/
        bacon_counter.py
        bikesharing/
        git bash branching and merging.png


Owner@LAPTOP-N5GF5NLQ MINGW64 /c/users/owner/desktop/class (master)
$ git branch

Owner@LAPTOP-N5GF5NLQ MINGW64 /c/users/owner/desktop/class (master)
$ cd Final_Project

Owner@LAPTOP-N5GF5NLQ MINGW64 /c/users/owner/desktop/class/Final_Project (main)
$ git status
On branch main
Your branch is up to date with 'origin/main'.

nothing to commit, working tree clean

Owner@LAPTOP-N5GF5NLQ MINGW64 /c/users/owner/desktop/class/Final_Project (main)
$ git push origin YRose
error: src refspec YRose does not match any
error: failed to push some refs to 'https://github.com/HansFeddersen/Final_project.git'

Owner@LAPTOP-N5GF5NLQ MINGW64 /c/users/owner/desktop/class/Final_Project (main)
$ git checkout
M       README.md
Your branch is up to date with 'origin/main'.

Owner@LAPTOP-N5GF5NLQ MINGW64 /c/users/owner/desktop/class/Final_Project (main)
$ git checkout YRose
Switched to a new branch 'YRose'
M       README.md
branch 'YRose' set up to track 'origin/YRose'.

Owner@LAPTOP-N5GF5NLQ MINGW64 /c/users/owner/desktop/class/Final_Project (YRose)
$ git push origin YRose
Everything up-to-date

Owner@LAPTOP-N5GF5NLQ MINGW64 /c/users/owner/desktop/class/Final_Project (YRose)
$ cd Final_project
bash: cd: Final_project: No such file or directory

Owner@LAPTOP-N5GF5NLQ MINGW64 /c/users/owner/desktop/class/Final_Project (YRose)
$ ls
Initial_notebook.ipynb  README.md  Resources/

Owner@LAPTOP-N5GF5NLQ MINGW64 /c/users/owner/desktop/class/Final_Project (YRose)
$ cd ..

Owner@LAPTOP-N5GF5NLQ MINGW64 /c/users/owner/desktop/class (master)
$ ls
 1/                 bikesharing/          Final_project/                        MapboxDetails.txt      PostgreDetails.txt          Stock_Analysis/
 16-Big-Data/       Election_Analysis/   'git bash branching and merging.png'   Mapping_Earthquakes/   R_Analysis/                 WeatherApiDetails.txt
 bacon_counter.py   Election_Analysis2/   Kickstarter-Analysis/                 Movies-ETL/            School_District_Analysis/   World_Weather_Analysis/

Owner@LAPTOP-N5GF5NLQ MINGW64 /c/users/owner/desktop/class (master)
$ cd Final_project

Owner@LAPTOP-N5GF5NLQ MINGW64 /c/users/owner/desktop/class/Final_project (YRose)
$ git push origin YRose
Everything up-to-date

Owner@LAPTOP-N5GF5NLQ MINGW64 /c/users/owner/desktop/class/Final_project (YRose)
$ git push origin YRose
Everything up-to-date

Owner@LAPTOP-N5GF5NLQ MINGW64 /c/users/owner/desktop/class/Final_project (YRose)
$ git checkout YRose
Already on 'YRose'
M       README.md
Your branch is up to date with 'origin/YRose'.

Owner@LAPTOP-N5GF5NLQ MINGW64 /c/users/owner/desktop/class/Final_project (YRose)
$ git status
On branch YRose
Your branch is up to date with 'origin/YRose'.

Changes not staged for commit:
  (use "git add <file>..." to update what will be committed)
  (use "git restore <file>..." to discard changes in working directory)
        modified:   README.md

no changes added to commit (use "git add" and/or "git commit -a")

Owner@LAPTOP-N5GF5NLQ MINGW64 /c/users/owner/desktop/class/Final_project (YRose)
$ git add .

Owner@LAPTOP-N5GF5NLQ MINGW64 /c/users/owner/desktop/class/Final_project (YRose)
$ git status
On branch YRose
Your branch is up to date with 'origin/YRose'.

Changes to be committed:
  (use "git restore --staged <file>..." to unstage)
        modified:   README.md


Owner@LAPTOP-N5GF5NLQ MINGW64 /c/users/owner/desktop/class/Final_project (YRose)
$ git commit -m "add readme chgs"
[YRose a2d3960] add readme chgs
 1 file changed, 5 insertions(+), 4 deletions(-)

Owner@LAPTOP-N5GF5NLQ MINGW64 /c/users/owner/desktop/class/Final_project (YRose)
$ git push
Enumerating objects: 5, done.
Counting objects: 100% (5/5), done.
Delta compression using up to 16 threads
Compressing objects: 100% (3/3), done.
Writing objects: 100% (3/3), 366 bytes | 366.00 KiB/s, done.
Total 3 (delta 2), reused 0 (delta 0), pack-reused 0
remote: Resolving deltas: 100% (2/2), completed with 2 local objects.
To https://github.com/HansFeddersen/Final_project.git
   c45dd77..a2d3960  YRose -> YRose

Owner@LAPTOP-N5GF5NLQ MINGW64 /c/users/owner/desktop/class/Final_project (YRose)
$ git pull
remote: Enumerating objects: 2, done.
remote: Counting objects: 100% (2/2), done.
remote: Total 2 (delta 1), reused 2 (delta 1), pack-reused 0
Unpacking objects: 100% (2/2), 321 bytes | 45.00 KiB/s, done.
From https://github.com/HansFeddersen/Final_project
   69a633d..c45dd77  Angelica_2     -> origin/Angelica_2
   4dde3b5..9e9c44d  Hans-Feddersen -> origin/Hans-Feddersen
Already up to date.

Owner@LAPTOP-N5GF5NLQ MINGW64 /c/users/owner/desktop/class/Final_project (YRose)
$ git status
On branch YRose
Your branch is up to date with 'origin/YRose'.

Changes not staged for commit:
  (use "git add <file>..." to update what will be committed)
  (use "git restore <file>..." to discard changes in working directory)
        modified:   README.md

no changes added to commit (use "git add" and/or "git commit -a")

Owner@LAPTOP-N5GF5NLQ MINGW64 /c/users/owner/desktop/class/Final_project (YRose)
$ git add .

Owner@LAPTOP-N5GF5NLQ MINGW64 /c/users/owner/desktop/class/Final_project (YRose)
$ git status
On branch YRose
Your branch is up to date with 'origin/YRose'.

Changes to be committed:
  (use "git restore --staged <file>..." to unstage)
        modified:   README.md


Owner@LAPTOP-N5GF5NLQ MINGW64 /c/users/owner/desktop/class/Final_project (YRose)
$ git commit -m "add readme chgs"
[YRose 270137d] add readme chgs
 1 file changed, 2 insertions(+), 3 deletions(-)

Owner@LAPTOP-N5GF5NLQ MINGW64 /c/users/owner/desktop/class/Final_project (YRose)
$ git push
Enumerating objects: 5, done.
Counting objects: 100% (5/5), done.
Delta compression using up to 16 threads
Compressing objects: 100% (3/3), done.
Writing objects: 100% (3/3), 326 bytes | 326.00 KiB/s, done.
Total 3 (delta 2), reused 0 (delta 0), pack-reused 0
remote: Resolving deltas: 100% (2/2), completed with 2 local objects.
To https://github.com/HansFeddersen/Final_project.git
   a2d3960..270137d  YRose -> YRose

Owner@LAPTOP-N5GF5NLQ MINGW64 /c/users/owner/desktop/class/Final_project (YRose)
$ git pull
remote: Enumerating objects: 1, done.
remote: Counting objects: 100% (1/1), done.
remote: Total 1 (delta 0), reused 0 (delta 0), pack-reused 0
Unpacking objects: 100% (1/1), 629 bytes | 209.00 KiB/s, done.
From https://github.com/HansFeddersen/Final_project
   c45dd77..daa282e  main       -> origin/main
Already up to date.

Owner@LAPTOP-N5GF5NLQ MINGW64 /c/users/owner/desktop/class/Final_project (YRose)
$ git status
On branch YRose
Your branch is up to date with 'origin/YRose'.

nothing to commit, working tree clean

Owner@LAPTOP-N5GF5NLQ MINGW64 /c/users/owner/desktop/class/Final_project (YRose)
$ git push origin master
error: src refspec master does not match any
error: failed to push some refs to 'https://github.com/HansFeddersen/Final_project.git'

Owner@LAPTOP-N5GF5NLQ MINGW64 /c/users/owner/desktop/class/Final_project (YRose)
$ git push origin YRose
Everything up-to-date

Owner@LAPTOP-N5GF5NLQ MINGW64 /c/users/owner/desktop/class/Final_project (YRose)
$ git pull origin main
remote: Enumerating objects: 1, done.
remote: Counting objects: 100% (1/1), done.
remote: Total 1 (delta 0), reused 0 (delta 0), pack-reused 0
Unpacking objects: 100% (1/1), 631 bytes | 210.00 KiB/s, done.
From https://github.com/HansFeddersen/Final_project
 * branch            main       -> FETCH_HEAD
   daa282e..adb588c  main       -> origin/main
Updating 270137d..adb588c
Fast-forward

Owner@LAPTOP-N5GF5NLQ MINGW64 /c/users/owner/desktop/class/Final_project (YRose)
$ git add .

Owner@LAPTOP-N5GF5NLQ MINGW64 /c/users/owner/desktop/class/Final_project (YRose)
$ git commit -m
error: switch `m' requires a value

Owner@LAPTOP-N5GF5NLQ MINGW64 /c/users/owner/desktop/class/Final_project (YRose)
$ git commit -m "pulling from main"
On branch YRose
Your branch is ahead of 'origin/YRose' by 2 commits.
  (use "git push" to publish your local commits)

nothing to commit, working tree clean

Owner@LAPTOP-N5GF5NLQ MINGW64 /c/users/owner/desktop/class/Final_project (YRose)
$ git push origin YRose
Total 0 (delta 0), reused 0 (delta 0), pack-reused 0
To https://github.com/HansFeddersen/Final_project.git
   270137d..adb588c  YRose -> YRose

Owner@LAPTOP-N5GF5NLQ MINGW64 /c/users/owner/desktop/class/Final_project (YRose)
$